<?xml version="1.0" encoding="UTF-8"?>
<testsuites name="jest tests" tests="3" failures="0" errors="0" time="0.554">
  <testsuite name="undefined" errors="0" failures="0" skipped="0" timestamp="2023-10-11T18:46:02" time="0.467" tests="3">
    <testcase classname=" Converte 32°F para 0°C" name=" Converte 32°F para 0°C" time="0.002">
    </testcase>
    <testcase classname=" Converte 212°F para 100°C" name=" Converte 212°F para 100°C" time="0.001">
    </testcase>
    <testcase classname=" Converte -40°F para -40°C" name=" Converte -40°F para -40°C" time="0">
    </testcase>
  </testsuite>
</testsuites>